// Jest Snapshot v1, https://goo.gl/fbAQLP

exports[`components/auth/login-form renders properly 1`] = `
<form class="">
  <div class="logo"><img src="~#/../img/logo.svg" width="156" height="auto"></div>
  <!----> <input type="email" placeholder="Email Address" autofocus="autofocus" required="required"> <input type="password" placeholder="Password" required="required"> <button type="submit">Log In</button>
</form>
`;
