// Jest Snapshot v1, https://goo.gl/fbAQLP

exports[`components/ui/context-menu renders 1`] = `<ul tabindex="-1" class="menu" style="top: 0px; left: 0px; display: none;">Menu items to go here.</ul>`;
