// Jest Snapshot v1, https://goo.gl/fbAQLP

exports[`components/ui/search-form renders properly 1`] = `<div id="searchForm" class="side search showing"><input type="search" placeholder="Search" class=""></div>`;
