// Jest Snapshot v1, https://goo.gl/fbAQLP

exports[`components/ui/volume renders properly 1`] = `<span id="volume" class="volume control"><i class="fa fa-volume-up mute"></i> <input title="Volume" type="range" id="volumeRange" max="10" step="0.1" class="plyr__volume"></span>`;
